{"level":"error","message":"Email already exists","timestamp":"2026-02-13 16:27:04"}
{"level":"error","message":"[\n  {\n    \"expected\": \"string\",\n    \"code\": \"invalid_type\",\n    \"path\": [\n      \"password\"\n    ],\n    \"message\": \"Invalid input: expected string, received number\"\n  }\n]","timestamp":"2026-02-13 16:28:05"}
{"level":"error","message":"[\n  {\n    \"expected\": \"string\",\n    \"code\": \"invalid_type\",\n    \"path\": [\n      \"password\"\n    ],\n    \"message\": \"Invalid input: expected string, received number\"\n  }\n]","timestamp":"2026-02-13 16:28:50"}
{"level":"error","message":"[\n  {\n    \"expected\": \"string\",\n    \"code\": \"invalid_type\",\n    \"path\": [\n      \"password\"\n    ],\n    \"message\": \"Invalid input: expected string, received number\"\n  }\n]","timestamp":"2026-02-13 16:29:39"}
{"level":"error","message":"[\n  {\n    \"expected\": \"string\",\n    \"code\": \"invalid_type\",\n    \"path\": [\n      \"password\"\n    ],\n    \"message\": \"Invalid input: expected string, received number\"\n  }\n]","timestamp":"2026-02-13 16:31:11"}
{"level":"error","message":"[\n  {\n    \"expected\": \"string\",\n    \"code\": \"invalid_type\",\n    \"path\": [\n      \"password\"\n    ],\n    \"message\": \"Invalid input: expected string, received number\"\n  }\n]","timestamp":"2026-02-13 16:31:49"}
{"level":"error","message":"[\n  {\n    \"expected\": \"string\",\n    \"code\": \"invalid_type\",\n    \"path\": [\n      \"name\"\n    ],\n    \"message\": \"Invalid input: expected string, received number\"\n  },\n  {\n    \"expected\": \"string\",\n    \"code\": \"invalid_type\",\n    \"path\": [\n      \"password\"\n    ],\n    \"message\": \"Invalid input: expected string, received number\"\n  }\n]","timestamp":"2026-02-13 16:32:38"}
{"level":"error","message":"[\n  {\n    \"expected\": \"string\",\n    \"code\": \"invalid_type\",\n    \"path\": [\n      \"name\"\n    ],\n    \"message\": \"Invalid input: expected string, received number\"\n  },\n  {\n    \"expected\": \"string\",\n    \"code\": \"invalid_type\",\n    \"path\": [\n      \"password\"\n    ],\n    \"message\": \"Invalid input: expected string, received number\"\n  }\n]","timestamp":"2026-02-13 16:36:00"}
{"level":"error","message":"[\n  {\n    \"expected\": \"string\",\n    \"code\": \"invalid_type\",\n    \"path\": [\n      \"name\"\n    ],\n    \"message\": \"Invalid input: expected string, received number\"\n  },\n  {\n    \"expected\": \"string\",\n    \"code\": \"invalid_type\",\n    \"path\": [\n      \"password\"\n    ],\n    \"message\": \"Invalid input: expected string, received number\"\n  }\n]","timestamp":"2026-02-13 16:39:09"}
{"level":"error","message":"[\n  {\n    \"expected\": \"string\",\n    \"code\": \"invalid_type\",\n    \"path\": [\n      \"name\"\n    ],\n    \"message\": \"Invalid input: expected string, received number\"\n  },\n  {\n    \"expected\": \"string\",\n    \"code\": \"invalid_type\",\n    \"path\": [\n      \"password\"\n    ],\n    \"message\": \"Invalid input: expected string, received number\"\n  }\n]","timestamp":"2026-02-13 16:40:03"}
{"level":"error","message":"[\n  {\n    \"expected\": \"string\",\n    \"code\": \"invalid_type\",\n    \"path\": [\n      \"name\"\n    ],\n    \"message\": \"Invalid input: expected string, received number\"\n  },\n  {\n    \"expected\": \"string\",\n    \"code\": \"invalid_type\",\n    \"path\": [\n      \"password\"\n    ],\n    \"message\": \"Invalid input: expected string, received number\"\n  }\n]","timestamp":"2026-02-13 16:40:12"}
{"level":"error","message":"[\n  {\n    \"expected\": \"string\",\n    \"code\": \"invalid_type\",\n    \"path\": [\n      \"name\"\n    ],\n    \"message\": \"Invalid input: expected string, received number\"\n  },\n  {\n    \"expected\": \"string\",\n    \"code\": \"invalid_type\",\n    \"path\": [\n      \"password\"\n    ],\n    \"message\": \"Invalid input: expected string, received number\"\n  }\n]","timestamp":"2026-02-13 16:40:26"}
{"level":"error","message":"[\n  {\n    \"expected\": \"string\",\n    \"code\": \"invalid_type\",\n    \"path\": [\n      \"password\"\n    ],\n    \"message\": \"Invalid input: expected string, received number\"\n  }\n]","timestamp":"2026-02-13 16:40:39"}
{"level":"error","message":"[\n  {\n    \"origin\": \"string\",\n    \"code\": \"invalid_format\",\n    \"format\": \"email\",\n    \"pattern\": \"/^(?!\\\\.)(?!.*\\\\.\\\\.)([A-Za-z0-9_'+\\\\-\\\\.]*)[A-Za-z0-9_+-]@([A-Za-z0-9][A-Za-z0-9\\\\-]*\\\\.)+[A-Za-z]{2,}$/\",\n    \"path\": [\n      \"email\"\n    ],\n    \"message\": \"Please provide a valid email address\"\n  }\n]","timestamp":"2026-02-13 16:40:57"}
{"level":"error","message":"[\n  {\n    \"origin\": \"string\",\n    \"code\": \"invalid_format\",\n    \"format\": \"email\",\n    \"pattern\": \"/^(?!\\\\.)(?!.*\\\\.\\\\.)([A-Za-z0-9_'+\\\\-\\\\.]*)[A-Za-z0-9_+-]@([A-Za-z0-9][A-Za-z0-9\\\\-]*\\\\.)+[A-Za-z]{2,}$/\",\n    \"path\": [\n      \"email\"\n    ],\n    \"message\": \"Please provide a valid email address\"\n  },\n  {\n    \"origin\": \"string\",\n    \"code\": \"too_small\",\n    \"minimum\": 1,\n    \"inclusive\": true,\n    \"path\": [\n      \"email\"\n    ],\n    \"message\": \"Too small: expected string to have >=1 characters\"\n  }\n]","timestamp":"2026-02-13 16:42:57"}
{"level":"error","message":"Email already exists","timestamp":"2026-02-13 16:43:13"}
{"level":"error","message":"[\n  {\n    \"origin\": \"string\",\n    \"code\": \"invalid_format\",\n    \"format\": \"email\",\n    \"pattern\": \"/^(?!\\\\.)(?!.*\\\\.\\\\.)([A-Za-z0-9_'+\\\\-\\\\.]*)[A-Za-z0-9_+-]@([A-Za-z0-9][A-Za-z0-9\\\\-]*\\\\.)+[A-Za-z]{2,}$/\",\n    \"path\": [\n      \"email\"\n    ],\n    \"message\": \"Please provide a valid email address\"\n  },\n  {\n    \"origin\": \"string\",\n    \"code\": \"too_small\",\n    \"minimum\": 1,\n    \"inclusive\": true,\n    \"path\": [\n      \"email\"\n    ],\n    \"message\": \"Email must not be empty\"\n  }\n]","timestamp":"2026-02-13 16:44:57"}
{"level":"error","message":"[\n  {\n    \"origin\": \"string\",\n    \"code\": \"invalid_format\",\n    \"format\": \"email\",\n    \"pattern\": \"/^(?!\\\\.)(?!.*\\\\.\\\\.)([A-Za-z0-9_'+\\\\-\\\\.]*)[A-Za-z0-9_+-]@([A-Za-z0-9][A-Za-z0-9\\\\-]*\\\\.)+[A-Za-z]{2,}$/\",\n    \"path\": [\n      \"email\"\n    ],\n    \"message\": \"Please provide a valid email address\"\n  }\n]","timestamp":"2026-02-13 16:45:31"}
{"level":"error","message":"[\n  {\n    \"origin\": \"string\",\n    \"code\": \"too_small\",\n    \"minimum\": 1,\n    \"inclusive\": true,\n    \"path\": [\n      \"password\"\n    ],\n    \"message\": \"Password must not be empty\"\n  }\n]","timestamp":"2026-02-13 16:46:33"}
{"level":"error","message":"[\n  {\n    \"origin\": \"string\",\n    \"code\": \"too_small\",\n    \"minimum\": 1,\n    \"inclusive\": true,\n    \"path\": [\n      \"name\"\n    ],\n    \"message\": \"Name must not be empty\"\n  },\n  {\n    \"origin\": \"string\",\n    \"code\": \"too_small\",\n    \"minimum\": 1,\n    \"inclusive\": true,\n    \"path\": [\n      \"name\"\n    ],\n    \"message\": \"name must not be empty\"\n  },\n  {\n    \"origin\": \"string\",\n    \"code\": \"invalid_format\",\n    \"format\": \"email\",\n    \"pattern\": \"/^(?!\\\\.)(?!.*\\\\.\\\\.)([A-Za-z0-9_'+\\\\-\\\\.]*)[A-Za-z0-9_+-]@([A-Za-z0-9][A-Za-z0-9\\\\-]*\\\\.)+[A-Za-z]{2,}$/\",\n    \"path\": [\n      \"email\"\n    ],\n    \"message\": \"Please provide a valid email address\"\n  },\n  {\n    \"origin\": \"string\",\n    \"code\": \"too_small\",\n    \"minimum\": 1,\n    \"inclusive\": true,\n    \"path\": [\n      \"email\"\n    ],\n    \"message\": \"Email must not be empty\"\n  }\n]","timestamp":"2026-02-13 16:50:11"}
{"level":"error","message":"Email already exists","timestamp":"2026-02-13 16:50:29"}
{"level":"error","message":"Wrong email ID","timestamp":"2026-02-13 16:50:52"}
{"level":"error","message":"jwt must be provided","timestamp":"2026-02-13 16:52:06"}
{"level":"error","message":"[\n  {\n    \"expected\": \"object\",\n    \"code\": \"invalid_type\",\n    \"path\": [],\n    \"message\": \"Invalid input: expected object, received string\"\n  }\n]","timestamp":"2026-02-13 16:57:08"}
{"level":"error","message":"[\n  {\n    \"expected\": \"object\",\n    \"code\": \"invalid_type\",\n    \"path\": [],\n    \"message\": \"Invalid input: expected object, received string\"\n  }\n]","timestamp":"2026-02-13 16:57:48"}
{"level":"error","message":"[\n  {\n    \"expected\": \"object\",\n    \"code\": \"invalid_type\",\n    \"path\": [],\n    \"message\": \"Invalid input: expected object, received string\"\n  }\n]","timestamp":"2026-02-13 16:58:59"}
{"level":"error","message":"[\n  {\n    \"expected\": \"object\",\n    \"code\": \"invalid_type\",\n    \"path\": [],\n    \"message\": \"Invalid input: expected object, received string\"\n  }\n]","timestamp":"2026-02-13 17:00:09"}
{"level":"error","message":"[\n  {\n    \"expected\": \"object\",\n    \"code\": \"invalid_type\",\n    \"path\": [],\n    \"message\": \"Invalid input: expected object, received string\"\n  }\n]","timestamp":"2026-02-13 17:00:44"}
{"level":"error","message":"jwt expired","timestamp":"2026-02-13 17:01:12"}
{"level":"error","message":"Invalid email","timestamp":"2026-02-13 17:02:05"}
{"level":"error","message":"[\n  {\n    \"expected\": \"object\",\n    \"code\": \"invalid_type\",\n    \"path\": [],\n    \"message\": \"Invalid input: expected object, received string\"\n  }\n]","timestamp":"2026-02-13 17:08:46"}
{"level":"error","message":"jwt expired","timestamp":"2026-02-13 17:09:11"}
{"level":"error","message":"jwt expired","timestamp":"2026-02-13 17:10:23"}
{"level":"error","message":"[\n  {\n    \"expected\": \"number\",\n    \"code\": \"invalid_type\",\n    \"path\": [\n      \"userId\"\n    ],\n    \"message\": \"Invalid input: expected number, received undefined\"\n  },\n  {\n    \"expected\": \"number\",\n    \"code\": \"invalid_type\",\n    \"path\": [\n      \"id\"\n    ],\n    \"message\": \"Invalid input: expected number, received string\"\n  }\n]","timestamp":"2026-02-13 17:11:19"}
{"level":"error","message":"[\n  {\n    \"expected\": \"object\",\n    \"code\": \"invalid_type\",\n    \"path\": [],\n    \"message\": \"Invalid input: expected object, received number\"\n  }\n]","timestamp":"2026-02-13 17:12:25"}
{"level":"error","message":"[\n  {\n    \"expected\": \"object\",\n    \"code\": \"invalid_type\",\n    \"path\": [],\n    \"message\": \"Invalid input: expected object, received number\"\n  }\n]","timestamp":"2026-02-13 17:13:58"}
{"level":"error","message":"[\n  {\n    \"expected\": \"object\",\n    \"code\": \"invalid_type\",\n    \"path\": [],\n    \"message\": \"Invalid input: expected object, received number\"\n  }\n]","timestamp":"2026-02-13 17:14:34"}
{"level":"error","message":"[\n  {\n    \"expected\": \"object\",\n    \"code\": \"invalid_type\",\n    \"path\": [],\n    \"message\": \"Invalid input: expected object, received number\"\n  }\n]","timestamp":"2026-02-13 17:15:22"}
{"level":"error","message":"[\n  {\n    \"expected\": \"object\",\n    \"code\": \"invalid_type\",\n    \"path\": [],\n    \"message\": \"Invalid input: expected object, received number\"\n  }\n]","timestamp":"2026-02-13 17:16:03"}
{"level":"error","message":"[\n  {\n    \"expected\": \"number\",\n    \"code\": \"invalid_type\",\n    \"path\": [\n      \"id\"\n    ],\n    \"message\": \"Invalid input: expected number, received undefined\"\n  }\n]","timestamp":"2026-02-13 17:17:42"}
{"level":"error","message":"[\n  {\n    \"expected\": \"number\",\n    \"code\": \"invalid_type\",\n    \"path\": [\n      \"id\"\n    ],\n    \"message\": \"Invalid input: expected number, received string\"\n  }\n]","timestamp":"2026-02-13 17:23:06"}
{"level":"error","message":"[\n  {\n    \"expected\": \"number\",\n    \"code\": \"invalid_type\",\n    \"path\": [\n      \"id\"\n    ],\n    \"message\": \"Invalid input: expected number, received object\"\n  }\n]","timestamp":"2026-02-13 17:23:23"}
{"level":"error","message":"[\n  {\n    \"expected\": \"number\",\n    \"code\": \"invalid_type\",\n    \"path\": [\n      \"id\"\n    ],\n    \"message\": \"Invalid input: expected number, received object\"\n  }\n]","timestamp":"2026-02-13 17:25:47"}
{"level":"error","message":"[\n  {\n    \"expected\": \"number\",\n    \"code\": \"invalid_type\",\n    \"path\": [\n      \"id\"\n    ],\n    \"message\": \"Invalid input: expected number, received object\"\n  }\n]","timestamp":"2026-02-13 17:26:12"}
{"level":"error","message":"[\n  {\n    \"expected\": \"number\",\n    \"code\": \"invalid_type\",\n    \"path\": [\n      \"id\"\n    ],\n    \"message\": \"Invalid input: expected number, received object\"\n  }\n]","timestamp":"2026-02-13 17:26:52"}
{"level":"error","message":"[\n  {\n    \"expected\": \"number\",\n    \"code\": \"invalid_type\",\n    \"path\": [\n      \"id\"\n    ],\n    \"message\": \"Invalid input: expected number, received object\"\n  }\n]","timestamp":"2026-02-13 17:28:02"}
{"level":"error","message":"Cannot convert object to primitive value","timestamp":"2026-02-13 17:29:30"}
{"level":"error","message":"\nInvalid `prisma.merchant.update()` invocation:\n\n\nAn operation failed because it depends on one or more records that were required but not found. No record was found for an update.","timestamp":"2026-02-13 17:32:04"}
{"level":"error","message":"[\n  {\n    \"expected\": \"number\",\n    \"code\": \"invalid_type\",\n    \"path\": [\n      \"id\"\n    ],\n    \"message\": \"Invalid input: expected number, received string\"\n  }\n]","timestamp":"2026-02-13 17:32:16"}
{"level":"error","message":"\nInvalid `prisma.merchant.update()` invocation:\n\n\nAn operation failed because it depends on one or more records that were required but not found. No record was found for an update.","timestamp":"2026-02-13 17:33:07"}
{"level":"error","message":"jwt expired","timestamp":"2026-02-13 17:33:49"}
{"level":"error","message":"[\n  {\n    \"expected\": \"number\",\n    \"code\": \"invalid_type\",\n    \"path\": [\n      \"subscription_id\"\n    ],\n    \"message\": \"Invalid input: expected number, received undefined\"\n  }\n]","timestamp":"2026-02-13 17:35:59"}
{"level":"error","message":"Subscription plan not found","timestamp":"2026-02-13 17:38:45"}
{"level":"error","message":"[\n  {\n    \"expected\": \"number\",\n    \"code\": \"invalid_type\",\n    \"path\": [\n      \"merchantId\"\n    ],\n    \"message\": \"Invalid input: expected number, received string\"\n  },\n  {\n    \"expected\": \"number\",\n    \"code\": \"invalid_type\",\n    \"path\": [\n      \"subscriptionId\"\n    ],\n    \"message\": \"Invalid input: expected number, received undefined\"\n  }\n]","timestamp":"2026-02-13 18:10:12"}
{"level":"error","message":"[\n  {\n    \"expected\": \"number\",\n    \"code\": \"invalid_type\",\n    \"path\": [\n      \"merchantId\"\n    ],\n    \"message\": \"Invalid input: expected number, received string\"\n  },\n  {\n    \"expected\": \"number\",\n    \"code\": \"invalid_type\",\n    \"path\": [\n      \"subscriptionId\"\n    ],\n    \"message\": \"Invalid input: expected number, received undefined\"\n  }\n]","timestamp":"2026-02-13 18:10:36"}
{"level":"error","message":"[\n  {\n    \"expected\": \"number\",\n    \"code\": \"invalid_type\",\n    \"received\": \"NaN\",\n    \"path\": [\n      \"merchantId\"\n    ],\n    \"message\": \"Invalid input: expected number, received NaN\"\n  },\n  {\n    \"expected\": \"number\",\n    \"code\": \"invalid_type\",\n    \"path\": [\n      \"subscriptionId\"\n    ],\n    \"message\": \"Invalid input: expected number, received undefined\"\n  }\n]","timestamp":"2026-02-13 18:11:53"}
{"level":"error","message":"jwt malformed","timestamp":"2026-02-13 18:13:23"}
{"level":"error","message":"[\n  {\n    \"expected\": \"number\",\n    \"code\": \"invalid_type\",\n    \"received\": \"NaN\",\n    \"path\": [\n      \"merchantId\"\n    ],\n    \"message\": \"Invalid input: expected number, received NaN\"\n  },\n  {\n    \"expected\": \"number\",\n    \"code\": \"invalid_type\",\n    \"path\": [\n      \"subscriptionId\"\n    ],\n    \"message\": \"Invalid input: expected number, received undefined\"\n  }\n]","timestamp":"2026-02-13 18:13:40"}
{"level":"error","message":"[\n  {\n    \"expected\": \"number\",\n    \"code\": \"invalid_type\",\n    \"path\": [\n      \"subscriptionId\"\n    ],\n    \"message\": \"Invalid input: expected number, received undefined\"\n  }\n]","timestamp":"2026-02-13 18:14:15"}
{"level":"error","message":"[\n  {\n    \"expected\": \"number\",\n    \"code\": \"invalid_type\",\n    \"path\": [\n      \"subscriptionId\"\n    ],\n    \"message\": \"Invalid input: expected number, received undefined\"\n  }\n]","timestamp":"2026-02-13 18:14:44"}
{"level":"error","message":"jwt expired","timestamp":"2026-02-13 18:17:37"}
{"level":"error","message":"[\n  {\n    \"expected\": \"number\",\n    \"code\": \"invalid_type\",\n    \"path\": [\n      \"merchantId\"\n    ],\n    \"message\": \"Invalid input: expected number, received undefined\"\n  },\n  {\n    \"expected\": \"number\",\n    \"code\": \"invalid_type\",\n    \"path\": [\n      \"subscriptionId\"\n    ],\n    \"message\": \"Invalid input: expected number, received undefined\"\n  }\n]","timestamp":"2026-02-13 18:18:15"}
{"level":"error","message":"[\n  {\n    \"expected\": \"number\",\n    \"code\": \"invalid_type\",\n    \"path\": [\n      \"subscriptionId\"\n    ],\n    \"message\": \"Invalid input: expected number, received string\"\n  }\n]","timestamp":"2026-02-13 18:20:44"}
